Archive member included to satisfy reference by file (symbol)

c:/st/stm32cubeide_1.10.1/stm32cubeide/plugins/com.st.stm32cube.ide.mcu.externaltools.gnu-tools-for-stm32.10.3-2021.10.win32_1.0.0.202111181127/tools/bin/../lib/gcc/arm-none-eabi/10.3.1/../../../../arm-none-eabi/lib/thumb/v7-m/nofp\libc_nano.a(lib_a-errno.o)
                              ./Core/Src/syscalls.o (__errno)
c:/st/stm32cubeide_1.10.1/stm32cubeide/plugins/com.st.stm32cube.ide.mcu.externaltools.gnu-tools-for-stm32.10.3-2021.10.win32_1.0.0.202111181127/tools/bin/../lib/gcc/arm-none-eabi/10.3.1/../../../../arm-none-eabi/lib/thumb/v7-m/nofp\libc_nano.a(lib_a-exit.o)
                              c:/st/stm32cubeide_1.10.1/stm32cubeide/plugins/com.st.stm32cube.ide.mcu.externaltools.gnu-tools-for-stm32.10.3-2021.10.win32_1.0.0.202111181127/tools/bin/../lib/gcc/arm-none-eabi/10.3.1/../../../../arm-none-eabi/lib/thumb/v7-m/nofp/crt0.o (exit)
c:/st/stm32cubeide_1.10.1/stm32cubeide/plugins/com.st.stm32cube.ide.mcu.externaltools.gnu-tools-for-stm32.10.3-2021.10.win32_1.0.0.202111181127/tools/bin/../lib/gcc/arm-none-eabi/10.3.1/../../../../arm-none-eabi/lib/thumb/v7-m/nofp\libc_nano.a(lib_a-impure.o)
                              c:/st/stm32cubeide_1.10.1/stm32cubeide/plugins/com.st.stm32cube.ide.mcu.externaltools.gnu-tools-for-stm32.10.3-2021.10.win32_1.0.0.202111181127/tools/bin/../lib/gcc/arm-none-eabi/10.3.1/../../../../arm-none-eabi/lib/thumb/v7-m/nofp\libc_nano.a(lib_a-exit.o) (_global_impure_ptr)
c:/st/stm32cubeide_1.10.1/stm32cubeide/plugins/com.st.stm32cube.ide.mcu.externaltools.gnu-tools-for-stm32.10.3-2021.10.win32_1.0.0.202111181127/tools/bin/../lib/gcc/arm-none-eabi/10.3.1/../../../../arm-none-eabi/lib/thumb/v7-m/nofp\libc_nano.a(lib_a-init.o)
                              c:/st/stm32cubeide_1.10.1/stm32cubeide/plugins/com.st.stm32cube.ide.mcu.externaltools.gnu-tools-for-stm32.10.3-2021.10.win32_1.0.0.202111181127/tools/bin/../lib/gcc/arm-none-eabi/10.3.1/../../../../arm-none-eabi/lib/thumb/v7-m/nofp/crt0.o (__libc_init_array)
c:/st/stm32cubeide_1.10.1/stm32cubeide/plugins/com.st.stm32cube.ide.mcu.externaltools.gnu-tools-for-stm32.10.3-2021.10.win32_1.0.0.202111181127/tools/bin/../lib/gcc/arm-none-eabi/10.3.1/../../../../arm-none-eabi/lib/thumb/v7-m/nofp\libc_nano.a(lib_a-memset.o)
                              c:/st/stm32cubeide_1.10.1/stm32cubeide/plugins/com.st.stm32cube.ide.mcu.externaltools.gnu-tools-for-stm32.10.3-2021.10.win32_1.0.0.202111181127/tools/bin/../lib/gcc/arm-none-eabi/10.3.1/../../../../arm-none-eabi/lib/thumb/v7-m/nofp/crt0.o (memset)
c:/st/stm32cubeide_1.10.1/stm32cubeide/plugins/com.st.stm32cube.ide.mcu.externaltools.gnu-tools-for-stm32.10.3-2021.10.win32_1.0.0.202111181127/tools/bin/../lib/gcc/arm-none-eabi/10.3.1/thumb/v7-m/nofp\libgcc.a(_arm_muldf3.o)
                              ./Core/Src/main.o (__aeabi_dmul)
c:/st/stm32cubeide_1.10.1/stm32cubeide/plugins/com.st.stm32cube.ide.mcu.externaltools.gnu-tools-for-stm32.10.3-2021.10.win32_1.0.0.202111181127/tools/bin/../lib/gcc/arm-none-eabi/10.3.1/thumb/v7-m/nofp\libgcc.a(_arm_addsubdf3.o)
                              ./Core/Src/main.o (__aeabi_ui2d)
c:/st/stm32cubeide_1.10.1/stm32cubeide/plugins/com.st.stm32cube.ide.mcu.externaltools.gnu-tools-for-stm32.10.3-2021.10.win32_1.0.0.202111181127/tools/bin/../lib/gcc/arm-none-eabi/10.3.1/thumb/v7-m/nofp\libgcc.a(_arm_muldivdf3.o)
                              ./Core/Src/main.o (__aeabi_ddiv)
c:/st/stm32cubeide_1.10.1/stm32cubeide/plugins/com.st.stm32cube.ide.mcu.externaltools.gnu-tools-for-stm32.10.3-2021.10.win32_1.0.0.202111181127/tools/bin/../lib/gcc/arm-none-eabi/10.3.1/thumb/v7-m/nofp\libgcc.a(_arm_fixdfsi.o)
                              ./Core/Src/main.o (__aeabi_d2iz)

Discarded input sections

 .text          0x0000000000000000        0x0 c:/st/stm32cubeide_1.10.1/stm32cubeide/plugins/com.st.stm32cube.ide.mcu.externaltools.gnu-tools-for-stm32.10.3-2021.10.win32_1.0.0.202111181127/tools/bin/../lib/gcc/arm-none-eabi/10.3.1/thumb/v7-m/nofp/crti.o
 .data          0x0000000000000000        0x0 c:/st/stm32cubeide_1.10.1/stm32cubeide/plugins/com.st.stm32cube.ide.mcu.externaltools.gnu-tools-for-stm32.10.3-2021.10.win32_1.0.0.202111181127/tools/bin/../lib/gcc/arm-none-eabi/10.3.1/thumb/v7-m/nofp/crti.o
 .bss           0x0000000000000000        0x0 c:/st/stm32cubeide_1.10.1/stm32cubeide/plugins/com.st.stm32cube.ide.mcu.externaltools.gnu-tools-for-stm32.10.3-2021.10.win32_1.0.0.202111181127/tools/bin/../lib/gcc/arm-none-eabi/10.3.1/thumb/v7-m/nofp/crti.o
 .data          0x0000000000000000        0x4 c:/st/stm32cubeide_1.10.1/stm32cubeide/plugins/com.st.stm32cube.ide.mcu.externaltools.gnu-tools-for-stm32.10.3-2021.10.win32_1.0.0.202111181127/tools/bin/../lib/gcc/arm-none-eabi/10.3.1/thumb/v7-m/nofp/crtbegin.o
[...]
Memory Configuration

Name             Origin             Length             Attributes
RAM              0x0000000020000000 0x0000000000002800 xrw
FLASH            0x0000000008000000 0x0000000000008000 xr
*default*        0x0000000000000000 0xffffffffffffffff

Linker script and memory map

LOAD c:/st/stm32cubeide_1.10.1/stm32cubeide/plugins/com.st.stm32cube.ide.mcu.externaltools.gnu-tools-for-stm32.10.3-2021.10.win32_1.0.0.202111181127/tools/bin/../lib/gcc/arm-none-eabi/10.3.1/thumb/v7-m/nofp/crti.o
LOAD c:/st/stm32cubeide_1.10.1/stm32cubeide/plugins/com.st.stm32cube.ide.mcu.externaltools.gnu-tools-for-stm32.10.3-2021.10.win32_1.0.0.202111181127/tools/bin/../lib/gcc/arm-none-eabi/10.3.1/thumb/v7-m/nofp/crtbegin.o
LOAD c:/st/stm32cubeide_1.10.1/stm32cubeide/plugins/com.st.stm32cube.ide.mcu.externaltools.gnu-tools-for-stm32.10.3-2021.10.win32_1.0.0.202111181127/tools/bin/../lib/gcc/arm-none-eabi/10.3.1/../../../../arm-none-eabi/lib/thumb/v7-m/nofp/crt0.o
LOAD ./Core/Src/display7SEG.o
LOAD ./Core/Src/fsm_7SEG.o
LOAD ./Core/Src/fsm_automatic.o
LOAD ./Core/Src/global.o
LOAD ./Core/Src/input_processing.o
LOAD ./Core/Src/input_reading.o
LOAD ./Core/Src/main.o
LOAD ./Core/Src/mode.o
LOAD ./Core/Src/software_timer.o
LOAD ./Core/Src/stm32f1xx_hal_msp.o
LOAD ./Core/Src/stm32f1xx_it.o
LOAD ./Core/Src/syscalls.o
LOAD ./Core/Src/sysmem.o
LOAD ./Core/Src/system_stm32f1xx.o
LOAD ./Core/Src/traffic.o
LOAD ./Core/Startup/startup_stm32f103c6ux.o
LOAD ./Drivers/STM32F1xx_HAL_Driver/Src/stm32f1xx_hal.o
LOAD ./Drivers/STM32F1xx_HAL_Driver/Src/stm32f1xx_hal_cortex.o
LOAD ./Drivers/STM32F1xx_HAL_Driver/Src/stm32f1xx_hal_dma.o
LOAD ./Drivers/STM32F1xx_HAL_Driver/Src/stm32f1xx_hal_exti.o
LOAD ./Drivers/STM32F1xx_HAL_Driver/Src/stm32f1xx_hal_flash.o
LOAD ./Drivers/STM32F1xx_HAL_Driver/Src/stm32f1xx_hal_flash_ex.o
LOAD ./Drivers/STM32F1xx_HAL_Driver/Src/stm32f1xx_hal_gpio.o
LOAD ./Drivers/STM32F1xx_HAL_Driver/Src/stm32f1xx_hal_gpio_ex.o
LOAD ./Drivers/STM32F1xx_HAL_Driver/Src/stm32f1xx_hal_pwr.o
LOAD ./Drivers/STM32F1xx_HAL_Driver/Src/stm32f1xx_hal_rcc.o
LOAD ./Drivers/STM32F1xx_HAL_Driver/Src/stm32f1xx_hal_rcc_ex.o
LOAD ./Drivers/STM32F1xx_HAL_Driver/Src/stm32f1xx_hal_tim.o
LOAD ./Drivers/STM32F1xx_HAL_Driver/Src/stm32f1xx_hal_tim_ex.o
START GROUP
LOAD c:/st/stm32cubeide_1.10.1/stm32cubeide/plugins/com.st.stm32cube.ide.mcu.externaltools.gnu-tools-for-stm32.10.3-2021.10.win32_1.0.0.202111181127/tools/bin/../lib/gcc/arm-none-eabi/10.3.1/../../../../arm-none-eabi/lib/thumb/v7-m/nofp\libc_nano.a
LOAD c:/st/stm32cubeide_1.10.1/stm32cubeide/plugins/com.st.stm32cube.ide.mcu.externaltools.gnu-tools-for-stm32.10.3-2021.10.win32_1.0.0.202111181127/tools/bin/../lib/gcc/arm-none-eabi/10.3.1/../../../../arm-none-eabi/lib/thumb/v7-m/nofp\libm.a
END GROUP
START GROUP
LOAD c:/st/stm32cubeide_1.10.1/stm32cubeide/plugins/com.st.stm32cube.ide.mcu.externaltools.gnu-tools-for-stm32.10.3-2021.10.win32_1.0.0.202111181127/tools/bin/../lib/gcc/arm-none-eabi/10.3.1/thumb/v7-m/nofp\libgcc.a
LOAD c:/st/stm32cubeide_1.10.1/stm32cubeide/plugins/com.st.stm32cube.ide.mcu.externaltools.gnu-tools-for-stm32.10.3-2021.10.win32_1.0.0.202111181127/tools/bin/../lib/gcc/arm-none-eabi/10.3.1/../../../../arm-none-eabi/lib/thumb/v7-m/nofp\libc_nano.a
END GROUP
START GROUP
LOAD c:/st/stm32cubeide_1.10.1/stm32cubeide/plugins/com.st.stm32cube.ide.mcu.externaltools.gnu-tools-for-stm32.10.3-2021.10.win32_1.0.0.202111181127/tools/bin/../lib/gcc/arm-none-eabi/10.3.1/thumb/v7-m/nofp\libgcc.a
LOAD c:/st/stm32cubeide_1.10.1/stm32cubeide/plugins/com.st.stm32cube.ide.mcu.externaltools.gnu-tools-for-stm32.10.3-2021.10.win32_1.0.0.202111181127/tools/bin/../lib/gcc/arm-none-eabi/10.3.1/../../../../arm-none-eabi/lib/thumb/v7-m/nofp\libc_nano.a
LOAD c:/st/stm32cubeide_1.10.1/stm32cubeide/plugins/com.st.stm32cube.ide.mcu.externaltools.gnu-tools-for-stm32.10.3-2021.10.win32_1.0.0.202111181127/tools/bin/../lib/gcc/arm-none-eabi/10.3.1/../../../../arm-none-eabi/lib/thumb/v7-m/nofp\libnosys.a
END GROUP
START GROUP
LOAD c:/st/stm32cubeide_1.10.1/stm32cubeide/plugins/com.st.stm32cube.ide.mcu.externaltools.gnu-tools-for-stm32.10.3-2021.10.win32_1.0.0.202111181127/tools/bin/../lib/gcc/arm-none-eabi/10.3.1/thumb/v7-m/nofp\libgcc.a
LOAD c:/st/stm32cubeide_1.10.1/stm32cubeide/plugins/com.st.stm32cube.ide.mcu.externaltools.gnu-tools-for-stm32.10.3-2021.10.win32_1.0.0.202111181127/tools/bin/../lib/gcc/arm-none-eabi/10.3.1/../../../../arm-none-eabi/lib/thumb/v7-m/nofp\libc_nano.a
LOAD c:/st/stm32cubeide_1.10.1/stm32cubeide/plugins/com.st.stm32cube.ide.mcu.externaltools.gnu-tools-for-stm32.10.3-2021.10.win32_1.0.0.202111181127/tools/bin/../lib/gcc/arm-none-eabi/10.3.1/../../../../arm-none-eabi/lib/thumb/v7-m/nofp\libnosys.a
END GROUP
LOAD c:/st/stm32cubeide_1.10.1/stm32cubeide/plugins/com.st.stm32cube.ide.mcu.externaltools.gnu-tools-for-stm32.10.3-2021.10.win32_1.0.0.202111181127/tools/bin/../lib/gcc/arm-none-eabi/10.3.1/thumb/v7-m/nofp/crtend.o
LOAD c:/st/stm32cubeide_1.10.1/stm32cubeide/plugins/com.st.stm32cube.ide.mcu.externaltools.gnu-tools-for-stm32.10.3-2021.10.win32_1.0.0.202111181127/tools/bin/../lib/gcc/arm-none-eabi/10.3.1/thumb/v7-m/nofp/crtn.o
                0x0000000020002800                _estack = (ORIGIN (RAM) + LENGTH (RAM))
                0x0000000000000200                _Min_Heap_Size = 0x200
                0x0000000000000400                _Min_Stack_Size = 0x400

.isr_vector     0x0000000008000000      0x10c
                0x0000000008000000                . = ALIGN (0x4)
 *(.isr_vector)
 .isr_vector    0x0000000008000000      0x10c ./Core/Startup/startup_stm32f103c6ux.o
                0x0000000008000000                g_pfnVectors
                0x000000000800010c                . = ALIGN (0x4)

.text           0x0000000008000110     0x3170
                0x0000000008000110                . = ALIGN (0x4)
 *(.text)
 .text          0x0000000008000110       0x40 c:/st/stm32cubeide_1.10.1/stm32cubeide/plugins/com.st.stm32cube.ide.mcu.externaltools.gnu-tools-for-stm32.10.3-2021.10.win32_1.0.0.202111181127/tools/bin/../lib/gcc/arm-none-eabi/10.3.1/thumb/v7-m/nofp/crtbegin.o
 .text          0x0000000008000150      0x378 c:/st/stm32cubeide_1.10.1/stm32cubeide/plugins/com.st.stm32cube.ide.mcu.externaltools.gnu-tools-for-stm32.10.3-2021.10.win32_1.0.0.202111181127/tools/bin/../lib/gcc/arm-none-eabi/10.3.1/thumb/v7-m/nofp\libgcc.a(_arm_addsubdf3.o)
                0x0000000008000150                __aeabi_drsub
                0x0000000008000158                __aeabi_dsub
                0x0000000008000158                __subdf3
                0x000000000800015c                __aeabi_dadd
                0x000000000800015c                __adddf3
                0x00000000080003d4                __floatunsidf
                0x00000000080003d4                __aeabi_ui2d
                0x00000000080003f4                __floatsidf
                0x00000000080003f4                __aeabi_i2d
                0x0000000008000418                __aeabi_f2d
                0x0000000008000418                __extendsfdf2
                0x000000000800045c                __floatundidf
                0x000000000800045c                __aeabi_ul2d
                0x000000000800046c                __floatdidf
                0x000000000800046c                __aeabi_l2d
 .text          0x00000000080004c8      0x424 c:/st/stm32cubeide_1.10.1/stm32cubeide/plugins/com.st.stm32cube.ide.mcu.externaltools.gnu-tools-for-stm32.10.3-2021.10.win32_1.0.0.202111181127/tools/bin/../lib/gcc/arm-none-eabi/10.3.1/thumb/v7-m/nofp\libgcc.a(_arm_muldivdf3.o)
                0x00000000080004c8                __aeabi_dmul
                0x00000000080004c8                __muldf3
                0x000000000800071c                __divdf3
                0x000000000800071c                __aeabi_ddiv
 .text          0x00000000080008ec       0x50 c:/st/stm32cubeide_1.10.1/stm32cubeide/plugins/com.st.stm32cube.ide.mcu.externaltools.gnu-tools-for-stm32.10.3-2021.10.win32_1.0.0.202111181127/tools/bin/../lib/gcc/arm-none-eabi/10.3.1/thumb/v7-m/nofp\libgcc.a(_arm_fixdfsi.o)
                0x00000000080008ec                __aeabi_d2iz
                0x00000000080008ec                __fixdfsi
 *(.text*)
 .text.display7SEG1
                0x000000000800093c       0x70 ./Core/Src/display7SEG.o
                0x000000000800093c                display7SEG1
 .text.display7SEG2
                0x00000000080009ac       0x70 ./Core/Src/display7SEG.o
                0x00000000080009ac                display7SEG2
 .text.scan7SEG
                0x0000000008000a1c       0xec ./Core/Src/display7SEG.o
                0x0000000008000a1c                scan7SEG
 .text.fsm_7SEG
                0x0000000008000b08       0x80 ./Core/Src/fsm_7SEG.o
                0x0000000008000b08                fsm_7SEG
 .text.fsm_automatic_run1
                0x0000000008000b88      0x214 ./Core/Src/fsm_automatic.o
                0x0000000008000b88                fsm_automatic_run1
 .text.fsm_for_input_processing
                0x0000000008000d9c       0x80 ./Core/Src/input_processing.o
                0x0000000008000d9c                fsm_for_input_processing
 .text.check_button_flag
                0x0000000008000e1c       0x34 ./Core/Src/input_reading.o
                0x0000000008000e1c                check_button_flag
 .text.button_reading
                0x0000000008000e50      0x150 ./Core/Src/input_reading.o
                0x0000000008000e50                button_reading
 .text.is_button_pressed
                0x0000000008000fa0       0x34 ./Core/Src/input_reading.o
                0x0000000008000fa0                is_button_pressed
 .text.is_button_pressed_1s
                0x0000000008000fd4       0x34 ./Core/Src/input_reading.o
                0x0000000008000fd4                is_button_pressed_1s
 .text.main     0x0000000008001008       0x60 ./Core/Src/main.o
                0x0000000008001008                main
 .text.SystemClock_Config
                0x0000000008001068       0x76 ./Core/Src/main.o
                0x0000000008001068                SystemClock_Config
 *fill*         0x00000000080010de        0x2 
 .text.MX_TIM2_Init
                0x00000000080010e0      0x118 ./Core/Src/main.o
 .text.MX_GPIO_Init
                0x00000000080011f8       0xc8 ./Core/Src/main.o
 .text.HAL_TIM_PeriodElapsedCallback
                0x00000000080012c0       0x18 ./Core/Src/main.o
                0x00000000080012c0                HAL_TIM_PeriodElapsedCallback
 .text.Error_Handler
                0x00000000080012d8        0xa ./Core/Src/main.o
                0x00000000080012d8                Error_Handler
 *fill*         0x00000000080012e2        0x2 
 .text.fsm_mode
                0x00000000080012e4      0x4bc ./Core/Src/mode.o
                0x00000000080012e4                fsm_mode
 .text.setTimer0
                0x00000000080017a0       0x34 ./Core/Src/software_timer.o
                0x00000000080017a0                setTimer0
 .text.setTimer1
                0x00000000080017d4       0x34 ./Core/Src/software_timer.o
                0x00000000080017d4                setTimer1
 .text.setTimer2
                0x0000000008001808       0x34 ./Core/Src/software_timer.o
                0x0000000008001808                setTimer2
 .text.setTimer3
                0x000000000800183c       0x34 ./Core/Src/software_timer.o
                0x000000000800183c                setTimer3
 .text.runTimer
                0x0000000008001870       0xac ./Core/Src/software_timer.o
                0x0000000008001870                runTimer
 .text.HAL_MspInit
                0x000000000800191c       0x44 ./Core/Src/stm32f1xx_hal_msp.o
                0x000000000800191c                HAL_MspInit
 .text.HAL_TIM_Base_MspInit
                0x0000000008001960       0x48 ./Core/Src/stm32f1xx_hal_msp.o
                0x0000000008001960                HAL_TIM_Base_MspInit
 .text.NMI_Handler
                0x00000000080019a8        0x6 ./Core/Src/stm32f1xx_it.o
                0x00000000080019a8                NMI_Handler
 .text.HardFault_Handler
                0x00000000080019ae        0x6 ./Core/Src/stm32f1xx_it.o
                0x00000000080019ae                HardFault_Handler
 .text.MemManage_Handler
                0x00000000080019b4        0x6 ./Core/Src/stm32f1xx_it.o
                0x00000000080019b4                MemManage_Handler
 .text.BusFault_Handler
                0x00000000080019ba        0x6 ./Core/Src/stm32f1xx_it.o
                0x00000000080019ba                BusFault_Handler
 .text.UsageFault_Handler
                0x00000000080019c0        0x6 ./Core/Src/stm32f1xx_it.o
                0x00000000080019c0                UsageFault_Handler
 .text.SVC_Handler
                0x00000000080019c6        0xc ./Core/Src/stm32f1xx_it.o
                0x00000000080019c6                SVC_Handler
 .text.DebugMon_Handler
                0x00000000080019d2        0xc ./Core/Src/stm32f1xx_it.o
                0x00000000080019d2                DebugMon_Handler
 .text.PendSV_Handler
                0x00000000080019de        0xc ./Core/Src/stm32f1xx_it.o
                0x00000000080019de                PendSV_Handler
 .text.SysTick_Handler
                0x00000000080019ea        0xc ./Core/Src/stm32f1xx_it.o
                0x00000000080019ea                SysTick_Handler
 *fill*         0x00000000080019f6        0x2 
 .text.TIM2_IRQHandler
                0x00000000080019f8       0x14 ./Core/Src/stm32f1xx_it.o
                0x00000000080019f8                TIM2_IRQHandler
 .text.SystemInit
                0x0000000008001a0c        0xc ./Core/Src/system_stm32f1xx.o
                0x0000000008001a0c                SystemInit
 .text.setColor1
                0x0000000008001a18       0x90 ./Core/Src/traffic.o
                0x0000000008001a18                setColor1
 .text.setColor2
                0x0000000008001aa8       0x90 ./Core/Src/traffic.o
                0x0000000008001aa8                setColor2
 .text.blinkLed1
                0x0000000008001b38       0x8c ./Core/Src/traffic.o
                0x0000000008001b38                blinkLed1
 .text.Reset_Handler
                0x0000000008001bc4       0x48 ./Core/Startup/startup_stm32f103c6ux.o
                0x0000000008001bc4                Reset_Handler
 .text.Default_Handler
                0x0000000008001c0c        0x2 ./Core/Startup/startup_stm32f103c6ux.o
                0x0000000008001c0c                RTC_Alarm_IRQHandler
                0x0000000008001c0c                EXTI2_IRQHandler
                0x0000000008001c0c                TIM1_CC_IRQHandler
                0x0000000008001c0c                PVD_IRQHandler
                0x0000000008001c0c                EXTI3_IRQHandler
                0x0000000008001c0c                EXTI0_IRQHandler
                0x0000000008001c0c                ADC1_2_IRQHandler
                0x0000000008001c0c                SPI1_IRQHandler
                0x0000000008001c0c                TAMPER_IRQHandler
                0x0000000008001c0c                DMA1_Channel4_IRQHandler
                0x0000000008001c0c                RTC_IRQHandler
                0x0000000008001c0c                DMA1_Channel7_IRQHandler
                0x0000000008001c0c                CAN1_RX1_IRQHandler
                0x0000000008001c0c                I2C1_EV_IRQHandler
                0x0000000008001c0c                DMA1_Channel6_IRQHandler
                0x0000000008001c0c                TIM3_IRQHandler
                0x0000000008001c0c                RCC_IRQHandler
                0x0000000008001c0c                TIM1_TRG_COM_IRQHandler
                0x0000000008001c0c                DMA1_Channel1_IRQHandler
                0x0000000008001c0c                Default_Handler
                0x0000000008001c0c                EXTI15_10_IRQHandler
                0x0000000008001c0c                EXTI9_5_IRQHandler
                0x0000000008001c0c                DMA1_Channel5_IRQHandler
                0x0000000008001c0c                EXTI4_IRQHandler
                0x0000000008001c0c                USB_LP_CAN1_RX0_IRQHandler
                0x0000000008001c0c                USB_HP_CAN1_TX_IRQHandler
                0x0000000008001c0c                DMA1_Channel3_IRQHandler
                0x0000000008001c0c                TIM1_UP_IRQHandler
                0x0000000008001c0c                WWDG_IRQHandler
                0x0000000008001c0c                TIM1_BRK_IRQHandler
                0x0000000008001c0c                EXTI1_IRQHandler
                0x0000000008001c0c                USART2_IRQHandler
                0x0000000008001c0c                DMA1_Channel2_IRQHandler
                0x0000000008001c0c                CAN1_SCE_IRQHandler
                0x0000000008001c0c                FLASH_IRQHandler
                0x0000000008001c0c                USART1_IRQHandler
                0x0000000008001c0c                I2C1_ER_IRQHandler
                0x0000000008001c0c                USBWakeUp_IRQHandler
 *fill*         0x0000000008001c0e        0x2 
 .text.HAL_Init
                0x0000000008001c10       0x2c ./Drivers/STM32F1xx_HAL_Driver/Src/stm32f1xx_hal.o
                0x0000000008001c10                HAL_Init
 .text.HAL_InitTick
                0x0000000008001c3c       0x60 ./Drivers/STM32F1xx_HAL_Driver/Src/stm32f1xx_hal.o
                0x0000000008001c3c                HAL_InitTick
 .text.HAL_IncTick
                0x0000000008001c9c       0x24 ./Drivers/STM32F1xx_HAL_Driver/Src/stm32f1xx_hal.o
                0x0000000008001c9c                HAL_IncTick
 .text.HAL_GetTick
                0x0000000008001cc0       0x14 ./Drivers/STM32F1xx_HAL_Driver/Src/stm32f1xx_hal.o
                0x0000000008001cc0                HAL_GetTick
 .text.__NVIC_SetPriorityGrouping
                0x0000000008001cd4       0x48 ./Drivers/STM32F1xx_HAL_Driver/Src/stm32f1xx_hal_cortex.o
 .text.__NVIC_GetPriorityGrouping
                0x0000000008001d1c       0x1c ./Drivers/STM32F1xx_HAL_Driver/Src/stm32f1xx_hal_cortex.o
 .text.__NVIC_EnableIRQ
                0x0000000008001d38       0x38 ./Drivers/STM32F1xx_HAL_Driver/Src/stm32f1xx_hal_cortex.o
 .text.__NVIC_SetPriority
                0x0000000008001d70       0x54 ./Drivers/STM32F1xx_HAL_Driver/Src/stm32f1xx_hal_cortex.o
 .text.NVIC_EncodePriority
                0x0000000008001dc4       0x64 ./Drivers/STM32F1xx_HAL_Driver/Src/stm32f1xx_hal_cortex.o
 .text.SysTick_Config
                0x0000000008001e28       0x44 ./Drivers/STM32F1xx_HAL_Driver/Src/stm32f1xx_hal_cortex.o
 .text.HAL_NVIC_SetPriorityGrouping
                0x0000000008001e6c       0x16 ./Drivers/STM32F1xx_HAL_Driver/Src/stm32f1xx_hal_cortex.o
                0x0000000008001e6c                HAL_NVIC_SetPriorityGrouping
 .text.HAL_NVIC_SetPriority
                0x0000000008001e82       0x38 ./Drivers/STM32F1xx_HAL_Driver/Src/stm32f1xx_hal_cortex.o
                0x0000000008001e82                HAL_NVIC_SetPriority
 .text.HAL_NVIC_EnableIRQ
                0x0000000008001eba       0x1c ./Drivers/STM32F1xx_HAL_Driver/Src/stm32f1xx_hal_cortex.o
                0x0000000008001eba                HAL_NVIC_EnableIRQ
 .text.HAL_SYSTICK_Config
                0x0000000008001ed6       0x18 ./Drivers/STM32F1xx_HAL_Driver/Src/stm32f1xx_hal_cortex.o
                0x0000000008001ed6                HAL_SYSTICK_Config
 *fill*         0x0000000008001eee        0x2 
 .text.HAL_GPIO_Init
                0x0000000008001ef0      0x2f8 ./Drivers/STM32F1xx_HAL_Driver/Src/stm32f1xx_hal_gpio.o
                0x0000000008001ef0                HAL_GPIO_Init
 .text.HAL_GPIO_ReadPin
                0x00000000080021e8       0x2e ./Drivers/STM32F1xx_HAL_Driver/Src/stm32f1xx_hal_gpio.o
                0x00000000080021e8                HAL_GPIO_ReadPin
 .text.HAL_GPIO_WritePin
                0x0000000008002216       0x30 ./Drivers/STM32F1xx_HAL_Driver/Src/stm32f1xx_hal_gpio.o
                0x0000000008002216                HAL_GPIO_WritePin
 .text.HAL_GPIO_TogglePin
                0x0000000008002246       0x32 ./Drivers/STM32F1xx_HAL_Driver/Src/stm32f1xx_hal_gpio.o
                0x0000000008002246                HAL_GPIO_TogglePin
 .text.HAL_RCC_OscConfig
                0x0000000008002278      0x504 ./Drivers/STM32F1xx_HAL_Driver/Src/stm32f1xx_hal_rcc.o
                0x0000000008002278                HAL_RCC_OscConfig
 .text.HAL_RCC_ClockConfig
                0x000000000800277c      0x1d4 ./Drivers/STM32F1xx_HAL_Driver/Src/stm32f1xx_hal_rcc.o
                0x000000000800277c                HAL_RCC_ClockConfig
 .text.HAL_RCC_GetSysClockFreq
                0x0000000008002950       0xbc ./Drivers/STM32F1xx_HAL_Driver/Src/stm32f1xx_hal_rcc.o
                0x0000000008002950                HAL_RCC_GetSysClockFreq
 .text.RCC_Delay
                0x0000000008002a0c       0x3c ./Drivers/STM32F1xx_HAL_Driver/Src/stm32f1xx_hal_rcc.o
 .text.HAL_TIM_Base_Init
                0x0000000008002a48       0x9e ./Drivers/STM32F1xx_HAL_Driver/Src/stm32f1xx_hal_tim.o
                0x0000000008002a48                HAL_TIM_Base_Init
 *fill*         0x0000000008002ae6        0x2 
 .text.HAL_TIM_Base_Start_IT
                0x0000000008002ae8       0x98 ./Drivers/STM32F1xx_HAL_Driver/Src/stm32f1xx_hal_tim.o
                0x0000000008002ae8                HAL_TIM_Base_Start_IT
 .text.HAL_TIM_IRQHandler
                0x0000000008002b80      0x210 ./Drivers/STM32F1xx_HAL_Driver/Src/stm32f1xx_hal_tim.o
                0x0000000008002b80                HAL_TIM_IRQHandler
 .text.HAL_TIM_ConfigClockSource
                0x0000000008002d90      0x188 ./Drivers/STM32F1xx_HAL_Driver/Src/stm32f1xx_hal_tim.o
                0x0000000008002d90                HAL_TIM_ConfigClockSource
 .text.HAL_TIM_OC_DelayElapsedCallback
                0x0000000008002f18       0x12 ./Drivers/STM32F1xx_HAL_Driver/Src/stm32f1xx_hal_tim.o
                0x0000000008002f18                HAL_TIM_OC_DelayElapsedCallback
 .text.HAL_TIM_IC_CaptureCallback
                0x0000000008002f2a       0x12 ./Drivers/STM32F1xx_HAL_Driver/Src/stm32f1xx_hal_tim.o
                0x0000000008002f2a                HAL_TIM_IC_CaptureCallback
 .text.HAL_TIM_PWM_PulseFinishedCallback
                0x0000000008002f3c       0x12 ./Drivers/STM32F1xx_HAL_Driver/Src/stm32f1xx_hal_tim.o
                0x0000000008002f3c                HAL_TIM_PWM_PulseFinishedCallback
 .text.HAL_TIM_TriggerCallback
                0x0000000008002f4e       0x12 ./Drivers/STM32F1xx_HAL_Driver/Src/stm32f1xx_hal_tim.o
                0x0000000008002f4e                HAL_TIM_TriggerCallback
 .text.TIM_Base_SetConfig
                0x0000000008002f60       0xb0 ./Drivers/STM32F1xx_HAL_Driver/Src/stm32f1xx_hal_tim.o
                0x0000000008002f60                TIM_Base_SetConfig
 .text.TIM_TI1_ConfigInputStage
                0x0000000008003010       0x5c ./Drivers/STM32F1xx_HAL_Driver/Src/stm32f1xx_hal_tim.o
 .text.TIM_TI2_ConfigInputStage
                0x000000000800306c       0x5e ./Drivers/STM32F1xx_HAL_Driver/Src/stm32f1xx_hal_tim.o
 .text.TIM_ITRx_SetConfig
                0x00000000080030ca       0x34 ./Drivers/STM32F1xx_HAL_Driver/Src/stm32f1xx_hal_tim.o
 .text.TIM_ETR_SetConfig
                0x00000000080030fe       0x3e ./Drivers/STM32F1xx_HAL_Driver/Src/stm32f1xx_hal_tim.o
                0x00000000080030fe                TIM_ETR_SetConfig
 .text.HAL_TIMEx_MasterConfigSynchronization
                0x000000000800313c       0xb0 ./Drivers/STM32F1xx_HAL_Driver/Src/stm32f1xx_hal_tim_ex.o
                0x000000000800313c                HAL_TIMEx_MasterConfigSynchronization
 .text.HAL_TIMEx_CommutCallback
                0x00000000080031ec       0x12 ./Drivers/STM32F1xx_HAL_Driver/Src/stm32f1xx_hal_tim_ex.o
                0x00000000080031ec                HAL_TIMEx_CommutCallback
 .text.HAL_TIMEx_BreakCallback
                0x00000000080031fe       0x12 ./Drivers/STM32F1xx_HAL_Driver/Src/stm32f1xx_hal_tim_ex.o
                0x00000000080031fe                HAL_TIMEx_BreakCallback
 .text.__libc_init_array
                0x0000000008003210       0x48 c:/st/stm32cubeide_1.10.1/stm32cubeide/plugins/com.st.stm32cube.ide.mcu.externaltools.gnu-tools-for-stm32.10.3-2021.10.win32_1.0.0.202111181127/tools/bin/../lib/gcc/arm-none-eabi/10.3.1/../../../../arm-none-eabi/lib/thumb/v7-m/nofp\libc_nano.a(lib_a-init.o)
                0x0000000008003210                __libc_init_array
 .text.memset   0x0000000008003258       0x10 c:/st/stm32cubeide_1.10.1/stm32cubeide/plugins/com.st.stm32cube.ide.mcu.externaltools.gnu-tools-for-stm32.10.3-2021.10.win32_1.0.0.202111181127/tools/bin/../lib/gcc/arm-none-eabi/10.3.1/../../../../arm-none-eabi/lib/thumb/v7-m/nofp\libc_nano.a(lib_a-memset.o)
                0x0000000008003258                memset
 *(.glue_7)
 .glue_7        0x0000000008003268        0x0 linker stubs
 *(.glue_7t)
 .glue_7t       0x0000000008003268        0x0 linker stubs
 *(.eh_frame)
 .eh_frame      0x0000000008003268        0x0 c:/st/stm32cubeide_1.10.1/stm32cubeide/plugins/com.st.stm32cube.ide.mcu.externaltools.gnu-tools-for-stm32.10.3-2021.10.win32_1.0.0.202111181127/tools/bin/../lib/gcc/arm-none-eabi/10.3.1/thumb/v7-m/nofp/crtbegin.o
 *(.init)
 .init          0x0000000008003268        0x4 c:/st/stm32cubeide_1.10.1/stm32cubeide/plugins/com.st.stm32cube.ide.mcu.externaltools.gnu-tools-for-stm32.10.3-2021.10.win32_1.0.0.202111181127/tools/bin/../lib/gcc/arm-none-eabi/10.3.1/thumb/v7-m/nofp/crti.o
                0x0000000008003268                _init
 .init          0x000000000800326c        0x8 c:/st/stm32cubeide_1.10.1/stm32cubeide/plugins/com.st.stm32cube.ide.mcu.externaltools.gnu-tools-for-stm32.10.3-2021.10.win32_1.0.0.202111181127/tools/bin/../lib/gcc/arm-none-eabi/10.3.1/thumb/v7-m/nofp/crtn.o
 *(.fini)
 .fini          0x0000000008003274        0x4 c:/st/stm32cubeide_1.10.1/stm32cubeide/plugins/com.st.stm32cube.ide.mcu.externaltools.gnu-tools-for-stm32.10.3-2021.10.win32_1.0.0.202111181127/tools/bin/../lib/gcc/arm-none-eabi/10.3.1/thumb/v7-m/nofp/crti.o
                0x0000000008003274                _fini
 .fini          0x0000000008003278        0x8 c:/st/stm32cubeide_1.10.1/stm32cubeide/plugins/com.st.stm32cube.ide.mcu.externaltools.gnu-tools-for-stm32.10.3-2021.10.win32_1.0.0.202111181127/tools/bin/../lib/gcc/arm-none-eabi/10.3.1/thumb/v7-m/nofp/crtn.o
                0x0000000008003280                . = ALIGN (0x4)
                0x0000000008003280                _etext = .

.vfp11_veneer   0x0000000008003280        0x0
 .vfp11_veneer  0x0000000008003280        0x0 linker stubs

.v4_bx          0x0000000008003280        0x0
 .v4_bx         0x0000000008003280        0x0 linker stubs

.iplt           0x0000000008003280        0x0
 .iplt          0x0000000008003280        0x0 c:/st/stm32cubeide_1.10.1/stm32cubeide/plugins/com.st.stm32cube.ide.mcu.externaltools.gnu-tools-for-stm32.10.3-2021.10.win32_1.0.0.202111181127/tools/bin/../lib/gcc/arm-none-eabi/10.3.1/thumb/v7-m/nofp/crtbegin.o

.rodata         0x0000000008003280       0x20
                0x0000000008003280                . = ALIGN (0x4)
 *(.rodata)
 .rodata        0x0000000008003280       0x10 ./Drivers/STM32F1xx_HAL_Driver/Src/stm32f1xx_hal_rcc.o
 *(.rodata*)
 .rodata.AHBPrescTable
                0x0000000008003290       0x10 ./Core/Src/system_stm32f1xx.o
                0x0000000008003290                AHBPrescTable
                0x00000000080032a0                . = ALIGN (0x4)

.rel.dyn        0x00000000080032a0        0x0
 .rel.iplt      0x00000000080032a0        0x0 c:/st/stm32cubeide_1.10.1/stm32cubeide/plugins/com.st.stm32cube.ide.mcu.externaltools.gnu-tools-for-stm32.10.3-2021.10.win32_1.0.0.202111181127/tools/bin/../lib/gcc/arm-none-eabi/10.3.1/thumb/v7-m/nofp/crtbegin.o

.ARM.extab      0x00000000080032a0        0x0
                0x00000000080032a0                . = ALIGN (0x4)
 *(.ARM.extab* .gnu.linkonce.armextab.*)
                0x00000000080032a0                . = ALIGN (0x4)

.ARM            0x00000000080032a0        0x0
                0x00000000080032a0                . = ALIGN (0x4)
                0x00000000080032a0                __exidx_start = .
 *(.ARM.exidx*)
                0x00000000080032a0                __exidx_end = .
                0x00000000080032a0                . = ALIGN (0x4)

.preinit_array  0x00000000080032a0        0x0
                0x00000000080032a0                . = ALIGN (0x4)
                0x00000000080032a0                PROVIDE (__preinit_array_start = .)
 *(.preinit_array*)
                0x00000000080032a0                PROVIDE (__preinit_array_end = .)
                0x00000000080032a0                . = ALIGN (0x4)

.init_array     0x00000000080032a0        0x4
                0x00000000080032a0                . = ALIGN (0x4)
                0x00000000080032a0                PROVIDE (__init_array_start = .)
 *(SORT_BY_NAME(.init_array.*))
 *(.init_array*)
 .init_array    0x00000000080032a0        0x4 c:/st/stm32cubeide_1.10.1/stm32cubeide/plugins/com.st.stm32cube.ide.mcu.externaltools.gnu-tools-for-stm32.10.3-2021.10.win32_1.0.0.202111181127/tools/bin/../lib/gcc/arm-none-eabi/10.3.1/thumb/v7-m/nofp/crtbegin.o
                0x00000000080032a4                PROVIDE (__init_array_end = .)
                0x00000000080032a4                . = ALIGN (0x4)

.fini_array     0x00000000080032a4        0x4
                0x00000000080032a4                . = ALIGN (0x4)
                [!provide]                        PROVIDE (__fini_array_start = .)
 *(SORT_BY_NAME(.fini_array.*))
 *(.fini_array*)
 .fini_array    0x00000000080032a4        0x4 c:/st/stm32cubeide_1.10.1/stm32cubeide/plugins/com.st.stm32cube.ide.mcu.externaltools.gnu-tools-for-stm32.10.3-2021.10.win32_1.0.0.202111181127/tools/bin/../lib/gcc/arm-none-eabi/10.3.1/thumb/v7-m/nofp/crtbegin.o
                [!provide]                        PROVIDE (__fini_array_end = .)
                0x00000000080032a8                . = ALIGN (0x4)
                0x00000000080032a8                _sidata = LOADADDR (.data)

.data           0x0000000020000000       0x40 load address 0x00000000080032a8
                0x0000000020000000                . = ALIGN (0x4)
                0x0000000020000000                _sdata = .
 *(.data)
 *(.data*)
 .data.segmentArray
                0x0000000020000000        0xa ./Core/Src/display7SEG.o
                0x0000000020000000                segmentArray
 *fill*         0x000000002000000a        0x2 
 .data.state7SEG
                0x000000002000000c        0x4 ./Core/Src/display7SEG.o
                0x000000002000000c                state7SEG
 .data.status   0x0000000020000010        0x4 ./Core/Src/global.o
                0x0000000020000010                status
 .data.mode     0x0000000020000014        0x4 ./Core/Src/global.o
                0x0000000020000014                mode
 .data.CYCLE    0x0000000020000018        0x4 ./Core/Src/global.o
                0x0000000020000018                CYCLE
 .data.redDuration
                0x000000002000001c        0x4 ./Core/Src/global.o
                0x000000002000001c                redDuration
 .data.yellowDuration
                0x0000000020000020        0x4 ./Core/Src/global.o
                0x0000000020000020                yellowDuration
 .data.greenDuration
                0x0000000020000024        0x4 ./Core/Src/global.o
                0x0000000020000024                greenDuration
 .data.counter1
                0x0000000020000028        0x4 ./Core/Src/global.o
                0x0000000020000028                counter1
 .data.counter2
                0x000000002000002c        0x4 ./Core/Src/global.o
                0x000000002000002c                counter2
 .data.tmp      0x0000000020000030        0x4 ./Core/Src/global.o
                0x0000000020000030                tmp
 .data.SystemCoreClock
                0x0000000020000034        0x4 ./Core/Src/system_stm32f1xx.o
                0x0000000020000034                SystemCoreClock
 .data.uwTickPrio
                0x0000000020000038        0x4 ./Drivers/STM32F1xx_HAL_Driver/Src/stm32f1xx_hal.o
                0x0000000020000038                uwTickPrio
 .data.uwTickFreq
                0x000000002000003c        0x1 ./Drivers/STM32F1xx_HAL_Driver/Src/stm32f1xx_hal.o
                0x000000002000003c                uwTickFreq
 *(.RamFunc)
 *(.RamFunc*)
                0x0000000020000040                . = ALIGN (0x4)
 *fill*         0x000000002000003d        0x3 
                0x0000000020000040                _edata = .

.igot.plt       0x0000000020000040        0x0 load address 0x00000000080032e8
 .igot.plt      0x0000000020000040        0x0 c:/st/stm32cubeide_1.10.1/stm32cubeide/plugins/com.st.stm32cube.ide.mcu.externaltools.gnu-tools-for-stm32.10.3-2021.10.win32_1.0.0.202111181127/tools/bin/../lib/gcc/arm-none-eabi/10.3.1/thumb/v7-m/nofp/crtbegin.o
                0x0000000020000040                . = ALIGN (0x4)

.bss            0x0000000020000040       0xb4 load address 0x00000000080032e8
                0x0000000020000040                _sbss = .
                0x0000000020000040                __bss_start__ = _sbss
 *(.bss)
 .bss           0x0000000020000040       0x1c c:/st/stm32cubeide_1.10.1/stm32cubeide/plugins/com.st.stm32cube.ide.mcu.externaltools.gnu-tools-for-stm32.10.3-2021.10.win32_1.0.0.202111181127/tools/bin/../lib/gcc/arm-none-eabi/10.3.1/thumb/v7-m/nofp/crtbegin.o
 *(.bss*)
 .bss.buttonState
                0x000000002000005c        0x1 ./Core/Src/input_processing.o
                0x000000002000005c                buttonState
 *fill*         0x000000002000005d        0x3 
 .bss.buttonBuffer
                0x0000000020000060        0x3 ./Core/Src/input_reading.o
 *fill*         0x0000000020000063        0x1 
 .bss.debounceButtonBuffer1
                0x0000000020000064        0x3 ./Core/Src/input_reading.o
 *fill*         0x0000000020000067        0x1 
 .bss.debounceButtonBuffer2
                0x0000000020000068        0x3 ./Core/Src/input_reading.o
 *fill*         0x000000002000006b        0x1 
 .bss.debounceButtonBuffer3
                0x000000002000006c        0x3 ./Core/Src/input_reading.o
 *fill*         0x000000002000006f        0x1 
 .bss.flagForButtonPress1s
                0x0000000020000070        0x3 ./Core/Src/input_reading.o
 *fill*         0x0000000020000073        0x1 
 .bss.counterForButtonPress1s
                0x0000000020000074        0x6 ./Core/Src/input_reading.o
 *fill*         0x000000002000007a        0x2 
 .bss.button_flag
                0x000000002000007c        0xc ./Core/Src/input_reading.o
                0x000000002000007c                button_flag
 .bss.htim2     0x0000000020000088       0x48 ./Core/Src/main.o
                0x0000000020000088                htim2
 .bss.timer0_flag
                0x00000000200000d0        0x4 ./Core/Src/software_timer.o
                0x00000000200000d0                timer0_flag
 .bss.timer0_count
                0x00000000200000d4        0x4 ./Core/Src/software_timer.o
                0x00000000200000d4                timer0_count
 .bss.timer1_flag
                0x00000000200000d8        0x4 ./Core/Src/software_timer.o
                0x00000000200000d8                timer1_flag
 .bss.timer1_count
                0x00000000200000dc        0x4 ./Core/Src/software_timer.o
                0x00000000200000dc                timer1_count
 .bss.timer2_flag
                0x00000000200000e0        0x4 ./Core/Src/software_timer.o
                0x00000000200000e0                timer2_flag
 .bss.timer2_count
                0x00000000200000e4        0x4 ./Core/Src/software_timer.o
                0x00000000200000e4                timer2_count
 .bss.timer3_flag
                0x00000000200000e8        0x4 ./Core/Src/software_timer.o
                0x00000000200000e8                timer3_flag
 .bss.timer3_count
                0x00000000200000ec        0x4 ./Core/Src/software_timer.o
                0x00000000200000ec                timer3_count
 .bss.uwTick    0x00000000200000f0        0x4 ./Drivers/STM32F1xx_HAL_Driver/Src/stm32f1xx_hal.o
                0x00000000200000f0                uwTick
 *(COMMON)
                0x00000000200000f4                . = ALIGN (0x4)
                0x00000000200000f4                _ebss = .
                0x00000000200000f4                __bss_end__ = _ebss

._user_heap_stack
                0x00000000200000f4      0x604 load address 0x00000000080032e8
                0x00000000200000f8                . = ALIGN (0x8)
 *fill*         0x00000000200000f4        0x4 
                [!provide]                        PROVIDE (end = .)
                0x00000000200000f8                PROVIDE (_end = .)
                0x00000000200002f8                . = (. + _Min_Heap_Size)
 *fill*         0x00000000200000f8      0x200 
                0x00000000200006f8                . = (. + _Min_Stack_Size)
 *fill*         0x00000000200002f8      0x400 
                0x00000000200006f8                . = ALIGN (0x8)

/DISCARD/
 libc.a(*)
 libm.a(*)
 libgcc.a(*)

.ARM.attributes
                0x0000000000000000       0x29
 *(.ARM.attributes)
 .ARM.attributes
                0x0000000000000000       0x1d c:/st/stm32cubeide_1.10.1/stm32cubeide/plugins/com.st.stm32cube.ide.mcu.externaltools.gnu-tools-for-stm32.10.3-2021.10.win32_1.0.0.202111181127/tools/bin/../lib/gcc/arm-none-eabi/10.3.1/thumb/v7-m/nofp/crti.o
 .ARM.attributes
                0x000000000000001d       0x2d c:/st/stm32cubeide_1.10.1/stm32cubeide/plugins/com.st.stm32cube.ide.mcu.externaltools.gnu-tools-for-stm32.10.3-2021.10.win32_1.0.0.202111181127/tools/bin/../lib/gcc/arm-none-eabi/10.3.1/thumb/v7-m/nofp/crtbegin.o
 .ARM.attributes
                0x000000000000004a       0x2d ./Core/Src/display7SEG.o
 .ARM.attributes
                0x0000000000000077       0x2d ./Core/Src/fsm_7SEG.o
 .ARM.attributes
                0x00000000000000a4       0x2d ./Core/Src/fsm_automatic.o
 .ARM.attributes
                0x00000000000000d1       0x2d ./Core/Src/global.o
 .ARM.attributes
                0x00000000000000fe       0x2d ./Core/Src/input_processing.o
 .ARM.attributes
                0x000000000000012b       0x2d ./Core/Src/input_reading.o
 .ARM.attributes
                0x0000000000000158       0x2d ./Core/Src/main.o
 .ARM.attributes
                0x0000000000000185       0x2d ./Core/Src/mode.o
 .ARM.attributes
                0x00000000000001b2       0x2d ./Core/Src/software_timer.o
 .ARM.attributes
                0x00000000000001df       0x2d ./Core/Src/stm32f1xx_hal_msp.o
 .ARM.attributes
                0x000000000000020c       0x2d ./Core/Src/stm32f1xx_it.o
 .ARM.attributes
                0x0000000000000239       0x2d ./Core/Src/system_stm32f1xx.o
 .ARM.attributes
                0x0000000000000266       0x2d ./Core/Src/traffic.o
 .ARM.attributes
                0x0000000000000293       0x21 ./Core/Startup/startup_stm32f103c6ux.o
 .ARM.attributes
                0x00000000000002b4       0x2d ./Drivers/STM32F1xx_HAL_Driver/Src/stm32f1xx_hal.o
 .ARM.attributes
                0x00000000000002e1       0x2d ./Drivers/STM32F1xx_HAL_Driver/Src/stm32f1xx_hal_cortex.o
 .ARM.attributes
                0x000000000000030e       0x2d ./Drivers/STM32F1xx_HAL_Driver/Src/stm32f1xx_hal_gpio.o
 .ARM.attributes
                0x000000000000033b       0x2d ./Drivers/STM32F1xx_HAL_Driver/Src/stm32f1xx_hal_rcc.o
 .ARM.attributes
                0x0000000000000368       0x2d ./Drivers/STM32F1xx_HAL_Driver/Src/stm32f1xx_hal_tim.o
 .ARM.attributes
                0x0000000000000395       0x2d ./Drivers/STM32F1xx_HAL_Driver/Src/stm32f1xx_hal_tim_ex.o
 .ARM.attributes
                0x00000000000003c2       0x2d c:/st/stm32cubeide_1.10.1/stm32cubeide/plugins/com.st.stm32cube.ide.mcu.externaltools.gnu-tools-for-stm32.10.3-2021.10.win32_1.0.0.202111181127/tools/bin/../lib/gcc/arm-none-eabi/10.3.1/../../../../arm-none-eabi/lib/thumb/v7-m/nofp\libc_nano.a(lib_a-init.o)
 .ARM.attributes
                0x00000000000003ef       0x2d c:/st/stm32cubeide_1.10.1/stm32cubeide/plugins/com.st.stm32cube.ide.mcu.externaltools.gnu-tools-for-stm32.10.3-2021.10.win32_1.0.0.202111181127/tools/bin/../lib/gcc/arm-none-eabi/10.3.1/../../../../arm-none-eabi/lib/thumb/v7-m/nofp\libc_nano.a(lib_a-memset.o)
 .ARM.attributes
                0x000000000000041c       0x1d c:/st/stm32cubeide_1.10.1/stm32cubeide/plugins/com.st.stm32cube.ide.mcu.externaltools.gnu-tools-for-stm32.10.3-2021.10.win32_1.0.0.202111181127/tools/bin/../lib/gcc/arm-none-eabi/10.3.1/thumb/v7-m/nofp\libgcc.a(_arm_addsubdf3.o)
 .ARM.attributes
                0x0000000000000439       0x1d c:/st/stm32cubeide_1.10.1/stm32cubeide/plugins/com.st.stm32cube.ide.mcu.externaltools.gnu-tools-for-stm32.10.3-2021.10.win32_1.0.0.202111181127/tools/bin/../lib/gcc/arm-none-eabi/10.3.1/thumb/v7-m/nofp\libgcc.a(_arm_muldivdf3.o)
 .ARM.attributes
                0x0000000000000456       0x1d c:/st/stm32cubeide_1.10.1/stm32cubeide/plugins/com.st.stm32cube.ide.mcu.externaltools.gnu-tools-for-stm32.10.3-2021.10.win32_1.0.0.202111181127/tools/bin/../lib/gcc/arm-none-eabi/10.3.1/thumb/v7-m/nofp\libgcc.a(_arm_fixdfsi.o)
 .ARM.attributes
                0x0000000000000473       0x1d c:/st/stm32cubeide_1.10.1/stm32cubeide/plugins/com.st.stm32cube.ide.mcu.externaltools.gnu-tools-for-stm32.10.3-2021.10.win32_1.0.0.202111181127/tools/bin/../lib/gcc/arm-none-eabi/10.3.1/thumb/v7-m/nofp/crtn.o
OUTPUT(LAB3.elf elf32-littlearm)
LOAD linker stubs
LOAD c:/st/stm32cubeide_1.10.1/stm32cubeide/plugins/com.st.stm32cube.ide.mcu.externaltools.gnu-tools-for-stm32.10.3-2021.10.win32_1.0.0.202111181127/tools/bin/../lib/gcc/arm-none-eabi/10.3.1/../../../../arm-none-eabi/lib/thumb/v7-m/nofp\libc.a
LOAD c:/st/stm32cubeide_1.10.1/stm32cubeide/plugins/com.st.stm32cube.ide.mcu.externaltools.gnu-tools-for-stm32.10.3-2021.10.win32_1.0.0.202111181127/tools/bin/../lib/gcc/arm-none-eabi/10.3.1/../../../../arm-none-eabi/lib/thumb/v7-m/nofp\libm.a
LOAD c:/st/stm32cubeide_1.10.1/stm32cubeide/plugins/com.st.stm32cube.ide.mcu.externaltools.gnu-tools-for-stm32.10.3-2021.10.win32_1.0.0.202111181127/tools/bin/../lib/gcc/arm-none-eabi/10.3.1/thumb/v7-m/nofp\libgcc.a

.debug_info     0x0000000000000000     0x8ee8
 .debug_info    0x0000000000000000      0x2ba ./Core/Src/display7SEG.o
 .debug_info    0x00000000000002ba      0x11e ./Core/Src/fsm_7SEG.o
 .debug_info    0x00000000000003d8      0x125 ./Core/Src/fsm_automatic.o
 .debug_info    0x00000000000004fd      0x159 ./Core/Src/global.o
 .debug_info    0x0000000000000656       0xec ./Core/Src/input_processing.o
 .debug_info    0x0000000000000742      0x2f1 ./Core/Src/input_reading.o
 .debug_info    0x0000000000000a33      0xc47 ./Core/Src/main.o
 .debug_info    0x000000000000167a      0x304 ./Core/Src/mode.o
 .debug_info    0x000000000000197e      0x1d8 ./Core/Src/software_timer.o
 .debug_info    0x0000000000001b56      0x8d7 ./Core/Src/stm32f1xx_hal_msp.o
 .debug_info    0x000000000000242d      0x6ea ./Core/Src/stm32f1xx_it.o
 .debug_info    0x0000000000002b17      0x23d ./Core/Src/system_stm32f1xx.o
 .debug_info    0x0000000000002d54      0x1f4 ./Core/Src/traffic.o
 .debug_info    0x0000000000002f48       0x22 ./Core/Startup/startup_stm32f103c6ux.o
 .debug_info    0x0000000000002f6a      0x716 ./Drivers/STM32F1xx_HAL_Driver/Src/stm32f1xx_hal.o
 .debug_info    0x0000000000003680      0xb02 ./Drivers/STM32F1xx_HAL_Driver/Src/stm32f1xx_hal_cortex.o
 .debug_info    0x0000000000004182      0x615 ./Drivers/STM32F1xx_HAL_Driver/Src/stm32f1xx_hal_gpio.o
 .debug_info    0x0000000000004797      0x860 ./Drivers/STM32F1xx_HAL_Driver/Src/stm32f1xx_hal_rcc.o
 .debug_info    0x0000000000004ff7     0x29de ./Drivers/STM32F1xx_HAL_Driver/Src/stm32f1xx_hal_tim.o
 .debug_info    0x00000000000079d5     0x1513 ./Drivers/STM32F1xx_HAL_Driver/Src/stm32f1xx_hal_tim_ex.o

.debug_abbrev   0x0000000000000000     0x1d08
 .debug_abbrev  0x0000000000000000      0x15b ./Core/Src/display7SEG.o
 .debug_abbrev  0x000000000000015b       0xc8 ./Core/Src/fsm_7SEG.o
 .debug_abbrev  0x0000000000000223       0x74 ./Core/Src/fsm_automatic.o
 .debug_abbrev  0x0000000000000297       0x5e ./Core/Src/global.o
 .debug_abbrev  0x00000000000002f5       0x96 ./Core/Src/input_processing.o
 .debug_abbrev  0x000000000000038b      0x18e ./Core/Src/input_reading.o
 .debug_abbrev  0x0000000000000519      0x2b1 ./Core/Src/main.o
 .debug_abbrev  0x00000000000007ca       0xe8 ./Core/Src/mode.o
 .debug_abbrev  0x00000000000008b2       0xce ./Core/Src/software_timer.o
 .debug_abbrev  0x0000000000000980      0x19f ./Core/Src/stm32f1xx_hal_msp.o
 .debug_abbrev  0x0000000000000b1f      0x184 ./Core/Src/stm32f1xx_it.o
 .debug_abbrev  0x0000000000000ca3      0x13b ./Core/Src/system_stm32f1xx.o
 .debug_abbrev  0x0000000000000dde      0x10b ./Core/Src/traffic.o
 .debug_abbrev  0x0000000000000ee9       0x12 ./Core/Startup/startup_stm32f103c6ux.o
 .debug_abbrev  0x0000000000000efb      0x1fb ./Drivers/STM32F1xx_HAL_Driver/Src/stm32f1xx_hal.o
 .debug_abbrev  0x00000000000010f6      0x2ed ./Drivers/STM32F1xx_HAL_Driver/Src/stm32f1xx_hal_cortex.o
 .debug_abbrev  0x00000000000013e3      0x1bb ./Drivers/STM32F1xx_HAL_Driver/Src/stm32f1xx_hal_gpio.o
 .debug_abbrev  0x000000000000159e      0x2a8 ./Drivers/STM32F1xx_HAL_Driver/Src/stm32f1xx_hal_rcc.o
 .debug_abbrev  0x0000000000001846      0x25d ./Drivers/STM32F1xx_HAL_Driver/Src/stm32f1xx_hal_tim.o
 .debug_abbrev  0x0000000000001aa3      0x265 ./Drivers/STM32F1xx_HAL_Driver/Src/stm32f1xx_hal_tim_ex.o

.debug_aranges  0x0000000000000000      0xaa8
 .debug_aranges
                0x0000000000000000       0x30 ./Core/Src/display7SEG.o
 .debug_aranges
                0x0000000000000030       0x20 ./Core/Src/fsm_7SEG.o
 .debug_aranges
                0x0000000000000050       0x28 ./Core/Src/fsm_automatic.o
 .debug_aranges
                0x0000000000000078       0x18 ./Core/Src/global.o
 .debug_aranges
                0x0000000000000090       0x20 ./Core/Src/input_processing.o
 .debug_aranges
                0x00000000000000b0       0x38 ./Core/Src/input_reading.o
 .debug_aranges
                0x00000000000000e8       0x48 ./Core/Src/main.o
 .debug_aranges
                0x0000000000000130       0x20 ./Core/Src/mode.o
 .debug_aranges
                0x0000000000000150       0x40 ./Core/Src/software_timer.o
 .debug_aranges
                0x0000000000000190       0x30 ./Core/Src/stm32f1xx_hal_msp.o
 .debug_aranges
                0x00000000000001c0       0x68 ./Core/Src/stm32f1xx_it.o
 .debug_aranges
                0x0000000000000228       0x28 ./Core/Src/system_stm32f1xx.o
 .debug_aranges
                0x0000000000000250       0x30 ./Core/Src/traffic.o
 .debug_aranges
                0x0000000000000280       0x28 ./Core/Startup/startup_stm32f103c6ux.o
 .debug_aranges
                0x00000000000002a8       0xe0 ./Drivers/STM32F1xx_HAL_Driver/Src/stm32f1xx_hal.o
 .debug_aranges
                0x0000000000000388      0x100 ./Drivers/STM32F1xx_HAL_Driver/Src/stm32f1xx_hal_cortex.o
 .debug_aranges
                0x0000000000000488       0x58 ./Drivers/STM32F1xx_HAL_Driver/Src/stm32f1xx_hal_gpio.o
 .debug_aranges
                0x00000000000004e0       0x90 ./Drivers/STM32F1xx_HAL_Driver/Src/stm32f1xx_hal_rcc.o
 .debug_aranges
                0x0000000000000570      0x3d0 ./Drivers/STM32F1xx_HAL_Driver/Src/stm32f1xx_hal_tim.o
 .debug_aranges
                0x0000000000000940      0x168 ./Drivers/STM32F1xx_HAL_Driver/Src/stm32f1xx_hal_tim_ex.o

.debug_ranges   0x0000000000000000      0x980
 .debug_ranges  0x0000000000000000       0x20 ./Core/Src/display7SEG.o
 .debug_ranges  0x0000000000000020       0x10 ./Core/Src/fsm_7SEG.o
 .debug_ranges  0x0000000000000030       0x18 ./Core/Src/fsm_automatic.o
 .debug_ranges  0x0000000000000048       0x10 ./Core/Src/input_processing.o
 .debug_ranges  0x0000000000000058       0x28 ./Core/Src/input_reading.o
 .debug_ranges  0x0000000000000080       0x38 ./Core/Src/main.o
 .debug_ranges  0x00000000000000b8       0x28 ./Core/Src/mode.o
 .debug_ranges  0x00000000000000e0       0x30 ./Core/Src/software_timer.o
 .debug_ranges  0x0000000000000110       0x20 ./Core/Src/stm32f1xx_hal_msp.o
 .debug_ranges  0x0000000000000130       0x58 ./Core/Src/stm32f1xx_it.o
 .debug_ranges  0x0000000000000188       0x18 ./Core/Src/system_stm32f1xx.o
 .debug_ranges  0x00000000000001a0       0x20 ./Core/Src/traffic.o
 .debug_ranges  0x00000000000001c0       0x20 ./Core/Startup/startup_stm32f103c6ux.o
 .debug_ranges  0x00000000000001e0       0xd0 ./Drivers/STM32F1xx_HAL_Driver/Src/stm32f1xx_hal.o
 .debug_ranges  0x00000000000002b0       0xf0 ./Drivers/STM32F1xx_HAL_Driver/Src/stm32f1xx_hal_cortex.o
 .debug_ranges  0x00000000000003a0       0x48 ./Drivers/STM32F1xx_HAL_Driver/Src/stm32f1xx_hal_gpio.o
 .debug_ranges  0x00000000000003e8       0x80 ./Drivers/STM32F1xx_HAL_Driver/Src/stm32f1xx_hal_rcc.o
 .debug_ranges  0x0000000000000468      0x3c0 ./Drivers/STM32F1xx_HAL_Driver/Src/stm32f1xx_hal_tim.o
 .debug_ranges  0x0000000000000828      0x158 ./Drivers/STM32F1xx_HAL_Driver/Src/stm32f1xx_hal_tim_ex.o

.debug_macro    0x0000000000000000    0x17439
 .debug_macro   0x0000000000000000      0x1d8 ./Core/Src/display7SEG.o
 .debug_macro   0x00000000000001d8      0xa6c ./Core/Src/display7SEG.o
 .debug_macro   0x0000000000000c44      0x215 ./Core/Src/display7SEG.o
 .debug_macro   0x0000000000000e59       0x2e ./Core/Src/display7SEG.o
 .debug_macro   0x0000000000000e87       0x22 ./Core/Src/display7SEG.o
 .debug_macro   0x0000000000000ea9       0x22 ./Core/Src/display7SEG.o
 .debug_macro   0x0000000000000ecb       0x8e ./Core/Src/display7SEG.o
 .debug_macro   0x0000000000000f59       0x51 ./Core/Src/display7SEG.o
 .debug_macro   0x0000000000000faa      0x103 ./Core/Src/display7SEG.o
 .debug_macro   0x00000000000010ad       0x6a ./Core/Src/display7SEG.o
 .debug_macro   0x0000000000001117      0x1df ./Core/Src/display7SEG.o
 .debug_macro   0x00000000000012f6       0x1c ./Core/Src/display7SEG.o
 .debug_macro   0x0000000000001312       0x22 ./Core/Src/display7SEG.o
 .debug_macro   0x0000000000001334       0xbd ./Core/Src/display7SEG.o
 .debug_macro   0x00000000000013f1      0xd23 ./Core/Src/display7SEG.o
 .debug_macro   0x0000000000002114     0xde75 ./Core/Src/display7SEG.o
 .debug_macro   0x000000000000ff89       0x6d ./Core/Src/display7SEG.o
 .debug_macro   0x000000000000fff6     0x3468 ./Core/Src/display7SEG.o
 .debug_macro   0x000000000001345e      0x174 ./Core/Src/display7SEG.o
 .debug_macro   0x00000000000135d2       0x5c ./Core/Src/display7SEG.o
 .debug_macro   0x000000000001362e      0x5be ./Core/Src/display7SEG.o
 .debug_macro   0x0000000000013bec      0x1b7 ./Core/Src/display7SEG.o
 .debug_macro   0x0000000000013da3      0x1cb ./Core/Src/display7SEG.o
 .debug_macro   0x0000000000013f6e      0x114 ./Core/Src/display7SEG.o
 .debug_macro   0x0000000000014082      0x1b2 ./Core/Src/display7SEG.o
 .debug_macro   0x0000000000014234       0x27 ./Core/Src/display7SEG.o
 .debug_macro   0x000000000001425b      0x12f ./Core/Src/display7SEG.o
 .debug_macro   0x000000000001438a      0x1bc ./Core/Src/display7SEG.o
 .debug_macro   0x0000000000014546       0x34 ./Core/Src/display7SEG.o
 .debug_macro   0x000000000001457a       0x3c ./Core/Src/display7SEG.o
 .debug_macro   0x00000000000145b6       0x57 ./Core/Src/display7SEG.o
 .debug_macro   0x000000000001460d       0x88 ./Core/Src/display7SEG.o
 .debug_macro   0x0000000000014695      0x183 ./Core/Src/display7SEG.o
 .debug_macro   0x0000000000014818      0x141 ./Core/Src/display7SEG.o
 .debug_macro   0x0000000000014959      0x8d1 ./Core/Src/display7SEG.o
 .debug_macro   0x000000000001522a       0x69 ./Core/Src/display7SEG.o
 .debug_macro   0x0000000000015293      0x154 ./Core/Src/display7SEG.o
 .debug_macro   0x00000000000153e7       0x34 ./Core/Src/display7SEG.o
 .debug_macro   0x000000000001541b      0x1d8 ./Core/Src/fsm_7SEG.o
 .debug_macro   0x00000000000155f3      0x1e2 ./Core/Src/fsm_automatic.o
 .debug_macro   0x00000000000157d5      0x1ce ./Core/Src/global.o
 .debug_macro   0x00000000000159a3      0x1d2 ./Core/Src/input_processing.o
 .debug_macro   0x0000000000015b75      0x1ea ./Core/Src/input_reading.o
 .debug_macro   0x0000000000015d5f      0x222 ./Core/Src/main.o
 .debug_macro   0x0000000000015f81      0x1ec ./Core/Src/mode.o
 .debug_macro   0x000000000001616d      0x1d2 ./Core/Src/software_timer.o
 .debug_macro   0x000000000001633f      0x1a7 ./Core/Src/stm32f1xx_hal_msp.o
 .debug_macro   0x00000000000164e6      0x1b1 ./Core/Src/stm32f1xx_it.o
 .debug_macro   0x0000000000016697      0x198 ./Core/Src/system_stm32f1xx.o
 .debug_macro   0x000000000001682f      0x1d8 ./Core/Src/traffic.o
 .debug_macro   0x0000000000016a07      0x1bc ./Drivers/STM32F1xx_HAL_Driver/Src/stm32f1xx_hal.o
 .debug_macro   0x0000000000016bc3      0x198 ./Drivers/STM32F1xx_HAL_Driver/Src/stm32f1xx_hal_cortex.o
 .debug_macro   0x0000000000016d5b      0x203 ./Drivers/STM32F1xx_HAL_Driver/Src/stm32f1xx_hal_gpio.o
 .debug_macro   0x0000000000016f5e      0x1aa ./Drivers/STM32F1xx_HAL_Driver/Src/stm32f1xx_hal_rcc.o
 .debug_macro   0x0000000000017108      0x199 ./Drivers/STM32F1xx_HAL_Driver/Src/stm32f1xx_hal_tim.o
 .debug_macro   0x00000000000172a1      0x198 ./Drivers/STM32F1xx_HAL_Driver/Src/stm32f1xx_hal_tim_ex.o

.debug_line     0x0000000000000000     0xd45c
 .debug_line    0x0000000000000000      0x77f ./Core/Src/display7SEG.o
 .debug_line    0x000000000000077f      0x6af ./Core/Src/fsm_7SEG.o
 .debug_line    0x0000000000000e2e      0x812 ./Core/Src/fsm_automatic.o
 .debug_line    0x0000000000001640      0x669 ./Core/Src/global.o
 .debug_line    0x0000000000001ca9      0x6c9 ./Core/Src/input_processing.o
 .debug_line    0x0000000000002372      0x7be ./Core/Src/input_reading.o
 .debug_line    0x0000000000002b30      0x825 ./Core/Src/main.o
 .debug_line    0x0000000000003355      0x8a9 ./Core/Src/mode.o
 .debug_line    0x0000000000003bfe      0x751 ./Core/Src/software_timer.o
 .debug_line    0x000000000000434f      0x694 ./Core/Src/stm32f1xx_hal_msp.o
 .debug_line    0x00000000000049e3      0x734 ./Core/Src/stm32f1xx_it.o
 .debug_line    0x0000000000005117      0x6d8 ./Core/Src/system_stm32f1xx.o
 .debug_line    0x00000000000057ef      0x6ee ./Core/Src/traffic.o
 .debug_line    0x0000000000005edd       0x87 ./Core/Startup/startup_stm32f103c6ux.o
 .debug_line    0x0000000000005f64      0x905 ./Drivers/STM32F1xx_HAL_Driver/Src/stm32f1xx_hal.o
 .debug_line    0x0000000000006869      0xaed ./Drivers/STM32F1xx_HAL_Driver/Src/stm32f1xx_hal_cortex.o
 .debug_line    0x0000000000007356      0x987 ./Drivers/STM32F1xx_HAL_Driver/Src/stm32f1xx_hal_gpio.o
 .debug_line    0x0000000000007cdd      0xd13 ./Drivers/STM32F1xx_HAL_Driver/Src/stm32f1xx_hal_rcc.o
 .debug_line    0x00000000000089f0     0x3271 ./Drivers/STM32F1xx_HAL_Driver/Src/stm32f1xx_hal_tim.o
 .debug_line    0x000000000000bc61     0x17fb ./Drivers/STM32F1xx_HAL_Driver/Src/stm32f1xx_hal_tim_ex.o

.debug_str      0x0000000000000000    0x82386
 .debug_str     0x0000000000000000    0x7f5b7 ./Core/Src/display7SEG.o
                                      0x7f931 (size before relaxing)
 .debug_str     0x000000000007f5b7       0x47 ./Core/Src/fsm_7SEG.o
                                      0x7f85d (size before relaxing)
 .debug_str     0x000000000007f5fe       0xba ./Core/Src/fsm_automatic.o
                                      0x7f8c9 (size before relaxing)
 .debug_str     0x000000000007f6b8       0x15 ./Core/Src/global.o
                                      0x7f858 (size before relaxing)
 .debug_str     0x000000000007f6cd       0xb7 ./Core/Src/input_processing.o
                                      0x7f8ad (size before relaxing)
 .debug_str     0x000000000007f784      0x142 ./Core/Src/input_reading.o
                                      0x7f9e6 (size before relaxing)
 .debug_str     0x000000000007f8c6      0x7f7 ./Core/Src/main.o
                                      0x801a4 (size before relaxing)
 .debug_str     0x00000000000800bd       0x33 ./Core/Src/mode.o
                                      0x7f906 (size before relaxing)
 .debug_str     0x00000000000800f0       0x5a ./Core/Src/software_timer.o
                                      0x7f8b7 (size before relaxing)
 .debug_str     0x000000000008014a      0x2d2 ./Core/Src/stm32f1xx_hal_msp.o
                                      0x7ffac (size before relaxing)
 .debug_str     0x000000000008041c       0xec ./Core/Src/stm32f1xx_it.o
                                      0x7fd15 (size before relaxing)
 .debug_str     0x0000000000080508       0x7e ./Core/Src/system_stm32f1xx.o
                                      0x7f38f (size before relaxing)
 .debug_str     0x0000000000080586       0x1c ./Core/Src/traffic.o
                                      0x7f8ce (size before relaxing)
 .debug_str     0x00000000000805a2       0x36 ./Core/Startup/startup_stm32f103c6ux.o
                                         0x8d (size before relaxing)
 .debug_str     0x00000000000805d8      0x38e ./Drivers/STM32F1xx_HAL_Driver/Src/stm32f1xx_hal.o
                                      0x7fa88 (size before relaxing)
 .debug_str     0x0000000000080966      0x29e ./Drivers/STM32F1xx_HAL_Driver/Src/stm32f1xx_hal_cortex.o
                                      0x7f9d4 (size before relaxing)
 .debug_str     0x0000000000080c04      0x2f6 ./Drivers/STM32F1xx_HAL_Driver/Src/stm32f1xx_hal_gpio.o
                                      0x7f715 (size before relaxing)
 .debug_str     0x0000000000080efa      0x229 ./Drivers/STM32F1xx_HAL_Driver/Src/stm32f1xx_hal_rcc.o
                                      0x7f7be (size before relaxing)
 .debug_str     0x0000000000081123      0xdd0 ./Drivers/STM32F1xx_HAL_Driver/Src/stm32f1xx_hal_tim.o
                                      0x807a9 (size before relaxing)
 .debug_str     0x0000000000081ef3      0x493 ./Drivers/STM32F1xx_HAL_Driver/Src/stm32f1xx_hal_tim_ex.o
                                      0x7ffc5 (size before relaxing)

.comment        0x0000000000000000       0x50
 .comment       0x0000000000000000       0x50 ./Core/Src/display7SEG.o
                                         0x51 (size before relaxing)
 .comment       0x0000000000000050       0x51 ./Core/Src/fsm_7SEG.o
 .comment       0x0000000000000050       0x51 ./Core/Src/fsm_automatic.o
 .comment       0x0000000000000050       0x51 ./Core/Src/global.o
 .comment       0x0000000000000050       0x51 ./Core/Src/input_processing.o
 .comment       0x0000000000000050       0x51 ./Core/Src/input_reading.o
 .comment       0x0000000000000050       0x51 ./Core/Src/main.o
 .comment       0x0000000000000050       0x51 ./Core/Src/mode.o
 .comment       0x0000000000000050       0x51 ./Core/Src/software_timer.o
 .comment       0x0000000000000050       0x51 ./Core/Src/stm32f1xx_hal_msp.o
 .comment       0x0000000000000050       0x51 ./Core/Src/stm32f1xx_it.o
 .comment       0x0000000000000050       0x51 ./Core/Src/system_stm32f1xx.o
 .comment       0x0000000000000050       0x51 ./Core/Src/traffic.o
 .comment       0x0000000000000050       0x51 ./Drivers/STM32F1xx_HAL_Driver/Src/stm32f1xx_hal.o
 .comment       0x0000000000000050       0x51 ./Drivers/STM32F1xx_HAL_Driver/Src/stm32f1xx_hal_cortex.o
 .comment       0x0000000000000050       0x51 ./Drivers/STM32F1xx_HAL_Driver/Src/stm32f1xx_hal_gpio.o
 .comment       0x0000000000000050       0x51 ./Drivers/STM32F1xx_HAL_Driver/Src/stm32f1xx_hal_rcc.o
 .comment       0x0000000000000050       0x51 ./Drivers/STM32F1xx_HAL_Driver/Src/stm32f1xx_hal_tim.o
 .comment       0x0000000000000050       0x51 ./Drivers/STM32F1xx_HAL_Driver/Src/stm32f1xx_hal_tim_ex.o

.debug_frame    0x0000000000000000     0x2a34
 .debug_frame   0x0000000000000000       0x7c ./Core/Src/display7SEG.o
 .debug_frame   0x000000000000007c       0x2c ./Core/Src/fsm_7SEG.o
 .debug_frame   0x00000000000000a8       0x48 ./Core/Src/fsm_automatic.o
 .debug_frame   0x00000000000000f0       0x2c ./Core/Src/input_processing.o
 .debug_frame   0x000000000000011c       0xb0 ./Core/Src/input_reading.o
 .debug_frame   0x00000000000001cc       0xd8 ./Core/Src/main.o
 .debug_frame   0x00000000000002a4       0x2c ./Core/Src/mode.o
 .debug_frame   0x00000000000002d0       0xd0 ./Core/Src/software_timer.o
 .debug_frame   0x00000000000003a0       0x80 ./Core/Src/stm32f1xx_hal_msp.o
 .debug_frame   0x0000000000000420      0x120 ./Core/Src/stm32f1xx_it.o
 .debug_frame   0x0000000000000540       0x58 ./Core/Src/system_stm32f1xx.o
 .debug_frame   0x0000000000000598       0x7c ./Core/Src/traffic.o
 .debug_frame   0x0000000000000614      0x334 ./Drivers/STM32F1xx_HAL_Driver/Src/stm32f1xx_hal.o
 .debug_frame   0x0000000000000948      0x428 ./Drivers/STM32F1xx_HAL_Driver/Src/stm32f1xx_hal_cortex.o
 .debug_frame   0x0000000000000d70      0x14c ./Drivers/STM32F1xx_HAL_Driver/Src/stm32f1xx_hal_gpio.o
 .debug_frame   0x0000000000000ebc      0x21c ./Drivers/STM32F1xx_HAL_Driver/Src/stm32f1xx_hal_rcc.o
 .debug_frame   0x00000000000010d8     0x11b8 ./Drivers/STM32F1xx_HAL_Driver/Src/stm32f1xx_hal_tim.o
 .debug_frame   0x0000000000002290      0x638 ./Drivers/STM32F1xx_HAL_Driver/Src/stm32f1xx_hal_tim_ex.o
 .debug_frame   0x00000000000028c8       0x2c c:/st/stm32cubeide_1.10.1/stm32cubeide/plugins/com.st.stm32cube.ide.mcu.externaltools.gnu-tools-for-stm32.10.3-2021.10.win32_1.0.0.202111181127/tools/bin/../lib/gcc/arm-none-eabi/10.3.1/../../../../arm-none-eabi/lib/thumb/v7-m/nofp\libc_nano.a(lib_a-init.o)
 .debug_frame   0x00000000000028f4       0x20 c:/st/stm32cubeide_1.10.1/stm32cubeide/plugins/com.st.stm32cube.ide.mcu.externaltools.gnu-tools-for-stm32.10.3-2021.10.win32_1.0.0.202111181127/tools/bin/../lib/gcc/arm-none-eabi/10.3.1/../../../../arm-none-eabi/lib/thumb/v7-m/nofp\libc_nano.a(lib_a-memset.o)
 .debug_frame   0x0000000000002914       0xac c:/st/stm32cubeide_1.10.1/stm32cubeide/plugins/com.st.stm32cube.ide.mcu.externaltools.gnu-tools-for-stm32.10.3-2021.10.win32_1.0.0.202111181127/tools/bin/../lib/gcc/arm-none-eabi/10.3.1/thumb/v7-m/nofp\libgcc.a(_arm_addsubdf3.o)
 .debug_frame   0x00000000000029c0       0x50 c:/st/stm32cubeide_1.10.1/stm32cubeide/plugins/com.st.stm32cube.ide.mcu.externaltools.gnu-tools-for-stm32.10.3-2021.10.win32_1.0.0.202111181127/tools/bin/../lib/gcc/arm-none-eabi/10.3.1/thumb/v7-m/nofp\libgcc.a(_arm_muldivdf3.o)
 .debug_frame   0x0000000000002a10       0x24 c:/st/stm32cubeide_1.10.1/stm32cubeide/plugins/com.st.stm32cube.ide.mcu.externaltools.gnu-tools-for-stm32.10.3-2021.10.win32_1.0.0.202111181127/tools/bin/../lib/gcc/arm-none-eabi/10.3.1/thumb/v7-m/nofp\libgcc.a(_arm_fixdfsi.o)
